[1/4] Running fresh installation into temporary directory...
Installing DeltaFuse 3.1.0 into C:\Users\ghost\AppData\Local\Temp\df-smoke-d17c2095c7984009832eed242a10ab14...
Updated host .gitignore with DeltaFuse entries
DeltaFuse installed. Canonical process remains external; product state is under docs/.
agents_md_mode: preserve
[2/4] Validating installed product layout...
DeltaFuse product layout is valid.
[3/4] Testing idempotent upgrade with -Force...
Installing DeltaFuse 3.1.0 into C:\Users\ghost\AppData\Local\Temp\df-smoke-d17c2095c7984009832eed242a10ab14...
Updated host .gitignore with DeltaFuse entries
Preserving existing .deltafuse/config.yaml
Preserving existing docs/intake/README.md
Preserving existing docs/changes/README.md
Preserving existing docs/spec/README.md
Preserving existing docs/spec/context.md
Preserving existing docs/spec/_capabilities.yaml
Preserving existing docs/decisions/README.md
Preserving existing docs/decisions/DEC-0000-template.md
Preserving existing docs/archive/README.md
Preserving existing docs/archive/intake/README.md
Preserving existing docs/archive/changes/README.md
Preserving existing CHANGELOG.md
Preserving existing .github/workflows/deltafuse-leash.yml
DeltaFuse installed. Canonical process remains external; product state is under docs/.
agents_md_mode: preserve
[4/4] Re-validating product layout after upgrade...
DeltaFuse product layout is valid.
Smoke test passed successfully!
